// Jest Snapshot v1, https://goo.gl/fbAQLP

exports[`Recipe.js renders 1`] = `
<h1>
  Fetching Recipe...
</h1>
`;
