// Jest Snapshot v1, https://goo.gl/fbAQLP

exports[`SelectTime.js renders 1`] = `ShallowWrapper {}`;
