// Jest Snapshot v1, https://goo.gl/fbAQLP

exports[`TodoList.js expects to render TodoList component 1`] = `ShallowWrapper {}`;
