// Jest Snapshot v1, https://goo.gl/fbAQLP

exports[`useDataApi renders 1`] = `ShallowWrapper {}`;
