// Jest Snapshot v1, https://goo.gl/fbAQLP

exports[`Cybel.js expects to render Cybel component 1`] = `ShallowWrapper {}`;
