// Jest Snapshot v1, https://goo.gl/fbAQLP

exports[`OtherPages.js expects to render TodoList component 1`] = `ShallowWrapper {}`;
