// Jest Snapshot v1, https://goo.gl/fbAQLP

exports[`RoutineEdit.js renders 1`] = `ShallowWrapper {}`;
