// Jest Snapshot v1, https://goo.gl/fbAQLP

exports[`Emergency.js expects to render Emergency component 1`] = `ShallowWrapper {}`;
