// Jest Snapshot v1, https://goo.gl/fbAQLP

exports[`StartScreen.js expects to render StartScreen component 1`] = `ShallowWrapper {}`;
